> Task :app:checkKotlinGradlePluginConfigurationErrors SKIPPED
> Task :app:preBuild UP-TO-DATE
> Task :app:preDebugBuild UP-TO-DATE
> Task :app:checkDebugAarMetadata UP-TO-DATE
> Task :app:generateDebugResValues UP-TO-DATE
> Task :app:mapDebugSourceSetPaths UP-TO-DATE
> Task :app:generateDebugResources UP-TO-DATE
> Task :app:mergeDebugResources UP-TO-DATE
> Task :app:packageDebugResources UP-TO-DATE
> Task :app:parseDebugLocalResources UP-TO-DATE
> Task :app:createDebugCompatibleScreenManifests UP-TO-DATE
> Task :app:extractDeepLinksDebug UP-TO-DATE
> Task :app:processDebugMainManifest UP-TO-DATE
> Task :app:processDebugManifest UP-TO-DATE
> Task :app:processDebugManifestForPackage UP-TO-DATE
> Task :app:processDebugResources UP-TO-DATE
> Task :app:kspDebugKotlin UP-TO-DATE

> Task :app:compileDebugKotlin FAILED
e: file:///Users/Mahadi/Web%20Platform/Android%20Apps/Github/Loaney/app/src/main/java/com/sbs/loaney/ui/components/Graphs.kt:31:32 Unresolved reference 'SurfaceElevated'.
e: file:///Users/Mahadi/Web%20Platform/Android%20Apps/Github/Loaney/app/src/main/java/com/sbs/loaney/ui/components/Graphs.kt:129:29 Unresolved reference 'SurfaceElevated'.
e: file:///Users/Mahadi/Web%20Platform/Android%20Apps/Github/Loaney/app/src/main/java/com/sbs/loaney/ui/components/Graphs.kt:153:17 Unresolved reference 'SurfaceElevated'.
e: file:///Users/Mahadi/Web%20Platform/Android%20Apps/Github/Loaney/app/src/main/java/com/sbs/loaney/ui/screens/MessScreen.kt:18:32 Unresolved reference 'PrimaryLime'.
e: file:///Users/Mahadi/Web%20Platform/Android%20Apps/Github/Loaney/app/src/main/java/com/sbs/loaney/ui/screens/MessScreen.kt:20:32 Unresolved reference 'PrimaryLime'.
e: file:///Users/Mahadi/Web%20Platform/Android%20Apps/Github/Loaney/app/src/main/java/com/sbs/loaney/ui/screens/MessScreen.kt:21:32 Unresolved reference 'SecondaryOrange'.
e: file:///Users/Mahadi/Web%20Platform/Android%20Apps/Github/Loaney/app/src/main/java/com/sbs/loaney/ui/screens/MessScreen.kt:60:35 Unresolved reference 'PrimaryLime'.
e: file:///Users/Mahadi/Web%20Platform/Android%20Apps/Github/Loaney/app/src/main/java/com/sbs/loaney/ui/screens/MessScreen.kt:68:35 Unresolved reference 'SecondaryOrange'.
e: file:///Users/Mahadi/Web%20Platform/Android%20Apps/Github/Loaney/app/src/main/java/com/sbs/loaney/ui/theme/Theme.kt:23:20 Unresolved reference 'TextMainDark'.
e: file:///Users/Mahadi/Web%20Platform/Android%20Apps/Github/Loaney/app/src/main/java/com/sbs/loaney/ui/theme/Theme.kt:25:17 Unresolved reference 'TextMainDark'.
e: file:///Users/Mahadi/Web%20Platform/Android%20Apps/Github/Loaney/app/src/main/java/com/sbs/loaney/ui/theme/Theme.kt:26:22 Unresolved reference 'DarkCardBg'.
e: file:///Users/Mahadi/Web%20Platform/Android%20Apps/Github/Loaney/app/src/main/java/com/sbs/loaney/ui/theme/Theme.kt:27:24 Unresolved reference 'TextMainLight'.

[Incubating] Problems report is available at: file:///Users/Mahadi/Web%20Platform/Android%20Apps/Github/Loaney/build/reports/problems/problems-report.html

FAILURE: Build failed with an exception.

* What went wrong:
Execution failed for task ':app:compileDebugKotlin'.
> A failure occurred while executing org.jetbrains.kotlin.compilerRunner.GradleCompilerRunnerWithWorkers$GradleKotlinCompilerWorkAction
   > Compilation error. See log for more details

* Try:
> Run with --stacktrace option to get the stack trace.
> Run with --info or --debug option to get more log output.
> Run with --scan to generate a Build Scan (Powered by Develocity).
> Get more help at https://help.gradle.org.

Deprecated Gradle features were used in this build, making it incompatible with Gradle 10.

You can use '--warning-mode all' to show the individual deprecation warnings and determine if they come from your own scripts or plugins.

For more on this, please refer to https://docs.gradle.org/9.1.0/userguide/command_line_interface.html#sec:command_line_warnings in the Gradle documentation.

BUILD FAILED in 2s
15 actionable tasks: 1 executed, 14 up-to-date
